test_agent_run_uses_bounded_primitive_and_explicit_budget (test_agent_cli.AgentCLITests.test_agent_run_uses_bounded_primitive_and_explicit_budget) ... ok
test_inspection_displays_choices_and_provenance_without_engine (test_agent_cli.AgentCLITests.test_inspection_displays_choices_and_provenance_without_engine) ... ok
test_inspection_rejects_response_fields_that_can_mislabel_a_step (test_agent_cli.AgentCLITests.test_inspection_rejects_response_fields_that_can_mislabel_a_step) ... ok
test_invalid_recording_parameters_fail_before_engine_call (test_agent_cli.AgentCLITests.test_invalid_recording_parameters_fail_before_engine_call) ... ok
test_legacy_provider_signature_is_rejected_without_fallback (test_agent_cli.AgentCLITests.test_legacy_provider_signature_is_rejected_without_fallback) ... ok
test_missing_engine_is_explicit_and_preserves_destination (test_agent_cli.AgentCLITests.test_missing_engine_is_explicit_and_preserves_destination) ... ok
test_native_or_api_override_is_unavailable_for_agent_commands (test_agent_cli.AgentCLITests.test_native_or_api_override_is_unavailable_for_agent_commands) ... ok
test_replay_exports_complete_unchanged_record (test_agent_cli.AgentCLITests.test_replay_exports_complete_unchanged_record) ... ok
test_replay_fifo_cannot_wait_for_a_writer (test_agent_cli.AgentCLITests.test_replay_fifo_cannot_wait_for_a_writer) ... ok
test_replay_refuses_divergence_before_replacing_destination (test_agent_cli.AgentCLITests.test_replay_refuses_divergence_before_replacing_destination) ... ok
test_replay_rejects_extra_response_fields_before_execution (test_agent_cli.AgentCLITests.test_replay_rejects_extra_response_fields_before_execution) ... ok
test_tampered_hash_cannot_launch_or_export (test_agent_cli.AgentCLITests.test_tampered_hash_cannot_launch_or_export) ... ok
test_doctor (test_cli.CLITests.test_doctor) ... ok
test_doctor_no_secrets (test_cli.CLITests.test_doctor_no_secrets) ... ok
test_error_no_traceback (test_cli.CLITests.test_error_no_traceback) ... ok
test_fifo_input_cannot_wait_for_a_writer (test_cli.CLITests.test_fifo_input_cannot_wait_for_a_writer) ... ok
test_hashed_report_with_malformed_mode_has_no_traceback (test_cli.CLITests.test_hashed_report_with_malformed_mode_has_no_traceback) ... ok
test_local_option (test_cli.CLITests.test_local_option) ... ok
test_native_cannot_override_an_api_server (test_cli.CLITests.test_native_cannot_override_an_api_server) ... ok
test_read_json (test_cli.CLITests.test_read_json) ... ok
test_size_limit (test_cli.CLITests.test_size_limit) ... ok
test_failed_replace_preserves_destination_and_removes_temp (test_export.ExportTests.test_failed_replace_preserves_destination_and_removes_temp) ... ok
test_oversized_export_preserves_previous_destination (test_export.ExportTests.test_oversized_export_preserves_previous_destination) ... ok
test_successful_export_is_complete_and_verified (test_export.ExportTests.test_successful_export_is_complete_and_verified) ... ok
test_aggregate_bytes_across_directories_and_replacement_peak (test_export_budget.ExportBudgetTests.test_aggregate_bytes_across_directories_and_replacement_peak) ... ok
test_changed_tracked_files_and_hard_links_cannot_hide_usage (test_export_budget.ExportBudgetTests.test_changed_tracked_files_and_hard_links_cannot_hide_usage) ... ok
test_default_count_rejects_129th_completed_export (test_export_budget.ExportBudgetTests.test_default_count_rejects_129th_completed_export) ... ok
test_destination_symlink_is_replaced_without_modifying_referent (test_export_budget.ExportBudgetTests.test_destination_symlink_is_replaced_without_modifying_referent) ... ok
test_failed_publish_preserves_previous_and_releases_reservation (test_export_budget.ExportBudgetTests.test_failed_publish_preserves_previous_and_releases_reservation) ... ok
test_file_count_and_manual_deletion_release_capacity (test_export_budget.ExportBudgetTests.test_file_count_and_manual_deletion_release_capacity) ... ok
test_inspection_lists_paths_and_over_budget_modified_content (test_export_budget.ExportBudgetTests.test_inspection_lists_paths_and_over_budget_modified_content) ... ok
test_invalid_or_oversized_bookkeeping_fails_closed (test_export_budget.ExportBudgetTests.test_invalid_or_oversized_bookkeeping_fails_closed) ... ok
test_parent_alias_does_not_double_charge_same_export (test_export_budget.ExportBudgetTests.test_parent_alias_does_not_double_charge_same_export) ... ok
test_private_state_and_reserved_files_are_required (test_export_budget.ExportBudgetTests.test_private_state_and_reserved_files_are_required) ... ok
test_production_byte_limit_rejects_seventeenth_eight_mib_export (test_export_budget.ExportBudgetTests.test_production_byte_limit_rejects_seventeenth_eight_mib_export) ... ok
test_reservation_failure_writes_no_output_bytes (test_export_budget.ExportBudgetTests.test_reservation_failure_writes_no_output_bytes) ... ok
test_sigkill_after_rename_recovers_exact_published_output (test_export_budget.ExportBudgetTests.test_sigkill_after_rename_recovers_exact_published_output) ... ok
test_sigkill_before_rename_keeps_temporary_bytes_charged (test_export_budget.ExportBudgetTests.test_sigkill_before_rename_keeps_temporary_bytes_charged) ... ok
test_two_real_processes_cannot_overrun_shared_budget (test_export_budget.ExportBudgetTests.test_two_real_processes_cannot_overrun_shared_budget) ... ok
test_fifo_cannot_wait_for_a_writer (test_observed_cli.ObservedCLITests.test_fifo_cannot_wait_for_a_writer) ... ok
test_invalid_hash_wrong_family_and_duplicate_keys_have_no_stdout_or_traceback (test_observed_cli.ObservedCLITests.test_invalid_hash_wrong_family_and_duplicate_keys_have_no_stdout_or_traceback) ... ok
test_new_commands_accept_no_execution_or_output_options (test_observed_cli.ObservedCLITests.test_new_commands_accept_no_execution_or_output_options) ... ok
test_old_sdk_has_finite_matching_version_error (test_observed_cli.ObservedCLITests.test_old_sdk_has_finite_matching_version_error) ... ok
test_original_records_are_inspected_without_engine_network_or_exports (test_observed_cli.ObservedCLITests.test_original_records_are_inspected_without_engine_network_or_exports) ... ok
test_synthetic_controls_preserve_large_exact_values_and_unproven_nulls (test_observed_cli.ObservedCLITests.test_synthetic_controls_preserve_large_exact_values_and_unproven_nulls) ... ok
test_verify_checks_both_reports_and_exposes_incomplete_classification (test_observed_cli.ObservedCLITests.test_verify_checks_both_reports_and_exposes_incomplete_classification) ... ok
test_FIFO_is_rejected_without_waiting_for_writer (test_observed_run.ObservedRunTests.test_FIFO_is_rejected_without_waiting_for_writer) ... ok
test_SIGTERM_reaches_cleanup_and_restores_callers_handler (test_observed_run.ObservedRunTests.test_SIGTERM_reaches_cleanup_and_restores_callers_handler) ... ok
test_deadline_cancellation_and_keyboard_interrupt_preserve_destination (test_observed_run.ObservedRunTests.test_deadline_cancellation_and_keyboard_interrupt_preserve_destination) ... ok
test_default_dispatch_exports_exact_validated_wrapper_without_HTTP (test_observed_run.ObservedRunTests.test_default_dispatch_exports_exact_validated_wrapper_without_HTTP) ... ok
test_foreign_valid_wrapper_and_mutating_executor_cannot_replace_destination (test_observed_run.ObservedRunTests.test_foreign_valid_wrapper_and_mutating_executor_cannot_replace_destination) ... ok
test_incomplete_valid_views_export_explicit_null_and_reasons (test_observed_run.ObservedRunTests.test_incomplete_valid_views_export_explicit_null_and_reasons) ... ok
test_input_limits_and_invalid_JSON_fail_before_executor (test_observed_run.ObservedRunTests.test_input_limits_and_invalid_JSON_fail_before_executor) ... ok
test_invalid_hash_and_wrong_family_preserve_destination_and_stdout (test_observed_run.ObservedRunTests.test_invalid_hash_and_wrong_family_preserve_destination_and_stdout) ... ok
test_missing_or_old_engine_has_no_API_native_or_export_fallback (test_observed_run.ObservedRunTests.test_missing_or_old_engine_has_no_API_native_or_export_fallback) ... ok
test_no_API_native_profile_callback_or_selector_options (test_observed_run.ObservedRunTests.test_no_API_native_profile_callback_or_selector_options) ... ok
test_dependency_declarations_cannot_escape_audited_lock (test_quality_gates.QualityPolicyTests.test_dependency_declarations_cannot_escape_audited_lock) ... ok
test_local_sdk_cannot_hide_version_or_dependency_changes (test_quality_gates.QualityPolicyTests.test_local_sdk_cannot_hide_version_or_dependency_changes) ... ok
test_no_empty_partial_skipped_or_unreviewed_security_success (test_quality_gates.QualityPolicyTests.test_no_empty_partial_skipped_or_unreviewed_security_success) ... ok

----------------------------------------------------------------------
Ran 59 tests in 4.468s

OK
